// Jest Snapshot v1, https://goo.gl/fbAQLP

exports[`[Component] <GenericLabel /> renders a snapshot 1`] = `
<span
  className="operation"
>
  blablabla
</span>
`;
