// Jest Snapshot v1, https://goo.gl/fbAQLP

exports[`[Component] <ComputeButton /> renders a snapshot 1`] = `
<button
  className="button x"
  onClick={[Function]}
  type="button"
>
  2
</button>
`;
