// Jest Snapshot v1, https://goo.gl/fbAQLP

exports[`[Component] <OperationLabel /> renders a snapshot 1`] = `
<span
  className="operation"
>
  2+4/78.9
</span>
`;
