// Jest Snapshot v1, https://goo.gl/fbAQLP

exports[`[Component] <ResultLabel /> renders a snapshot 1`] = `
<span
  className="result"
>
  84
</span>
`;
