// Jest Snapshot v1, https://goo.gl/fbAQLP

exports[`[Component] <ResultButton /> renders a snapshot 1`] = `
<button
  className="button equal"
  onClick={[Function]}
  type="button"
>
  =
</button>
`;
